# Clone run started at 2026-04-28 13:04:16
# Total: 68

[  1/68] OK      6.7s  taf-alarm                                               branch=develop                       
[  2/68] OK      8.0s  taf-backup-restore-and-upgrade                          branch=develop                       
[  3/68] OK     17.7s  taf-project-configuration-managerment                   branch=develop                       
[  4/68] OK      6.4s  taf-energy-and-cost-statistics                          branch=develop                       
[  5/68] OK      6.5s  taf-event-log                                           branch=develop                       
[  6/68] OK      6.9s  taf-integrated-management                               branch=develop                       
[  7/68] FAIL  145.3s  taf-login                                               branch=develop                         -- Cloning into 'D:\cursor_workspace\pi_origin\taf-login'... | error: RPC failed; curl 56 Recv failure: Connection was reset | error: 54600 bytes of body are still expected | fetch-pack: unexpected disconnect while reading sideband packet | fatal: early EOF | fatal: fetch-pack: invalid index-pack output
[  8/68] OK      8.3s  taf-monitor                                             branch=develop                       
[  9/68] OK      5.4s  taf-notification-config                                 branch=develop                       
[ 10/68] OK      7.2s  taf-notification-settings                               branch=develop                       
[ 11/68] OK      7.1s  taf-security-config                                     branch=develop                       
[ 12/68] OK      7.3s  taf-user-management                                     branch=develop                       
[ 13/68] SKIP    0.0s  taf-utils                                               branch=develop                         -- already exists: D:\cursor_workspace\pi_origin\taf-utils
[ 14/68] OK      8.9s  taf-lumos                                               branch=develop                       
[ 15/68] OK      6.8s  meta-ui                                                 branch=develop                       
[ 16/68] OK      8.4s  taf-automation-settings                                 branch=develop                       
[ 17/68] OK      5.3s  taf-electricity-cost-calculation                        branch=develop                       
[ 18/68] OK      8.3s  taf-shared-widgets                                      branch=develop                       
[ 19/68] OK      4.3s  quietus                                                 branch=develop                       
[ 20/68] OK      5.3s  taf-data-gxt3                                           branch=develop                       
[ 21/68] OK      3.9s  taf-data-gxt4                                           branch=develop                       
[ 22/68] OK      4.6s  taf-data-gxt5                                           branch=develop                       
[ 23/68] OK      3.6s  taf-data-aps                                            branch=develop                       
[ 24/68] OK      4.5s  taf-data-apm                                            branch=develop                       
[ 25/68] OK      5.4s  taf-data-exm                                            branch=develop                       
[ 26/68] OK      5.5s  taf-data-exs                                            branch=develop                       
[ 27/68] OK      3.7s  taf-data-gxe                                            branch=develop                       
[ 28/68] OK      4.1s  taf-data-psi                                            branch=develop                       
[ 29/68] OK      4.1s  taf-data-gxtmt                                          branch=develop                       
[ 30/68] OK      2.9s  taf-application-power-insight-ng                        branch=develop                       
[ 31/68] OK      3.2s  taf-plugin-pi-portal                                    branch=develop                       
[ 32/68] OK      3.2s  taf-plugin-ieadapter                                    branch=develop                       
[ 33/68] OK      3.8s  taf-data-ita                                            branch=develop                       
[ 34/68] OK      3.9s  taf-data-geist-pdu                                      branch=develop                       
[ 35/68] OK      3.5s  taf-plugin-discovery-detection                          branch=develop                       
[ 36/68] OK      3.6s  taf-plugin-pi-acm                                       branch=develop                       
[ 37/68] OK      5.3s  taf-plugin-asset-status                                 branch=develop                       
[ 38/68] OK      3.4s  taf-plugin-vmware                                       branch=develop                       
[ 39/68] OK      3.1s  taf-plugin-trellisagent                                 branch=develop                       
[ 40/68] OK      4.7s  taf-gdd-data                                            branch=develop                       
[ 41/68] OK      3.4s  trellis-automation-agent                                branch=develop                       
[ 42/68] OK      4.0s  taf-plugin-snmp                                         branch=develop                       
[ 43/68] OK      2.9s  taf-data-generic-server                                 branch=develop                       
[ 44/68] OK      3.0s  taf-data-licensing                                      branch=develop                       
[ 45/68] OK      3.3s  taf-plugin-connections                                  branch=develop                       
[ 46/68] OK      3.7s  taf-plugin-datapointdefinitions                         branch=develop                       
[ 47/68] OK      3.8s  taf-plugin-eventalarmdefinitions                        branch=develop                       
[ 48/68] OK      3.1s  taf-plugin-exports                                      branch=develop                       
[ 49/68] OK      3.1s  taf-plugin-producttemplate                              branch=develop                       
[ 50/68] OK      5.0s  taf-plugin-template                                     branch=develop                       
[ 51/68] OK     14.0s  taf-core-installer                                      branch=develop_pi                    
[ 52/68] OK      3.9s  taf-plugin-datadictionary                               branch=develop_refactor              
[ 53/68] OK      3.0s  taf-gdd-categories                                      branch=develop_refactor              
[ 54/68] OK      3.2s  taf-plugin-device                                       branch=develop_refactor              
[ 55/68] OK      3.1s  taf-plugin-datapoint                                    branch=develop_refactor              
[ 56/68] OK      3.2s  taf-plugin-portalprovider                               branch=develop_refactor              
[ 57/68] OK      3.8s  taf-plugin-monitoring                                   branch=develop_refactor              
[ 58/68] OK      3.2s  taf-plugin-tsd                                          branch=develop_refactor              
[ 59/68] OK      3.9s  taf-plugin-discovery                                    branch=develop_refactor              
[ 60/68] OK      7.4s  mtp-core                                                branch=PI_V3.0                       
[ 61/68] OK      5.5s  taf-plugin-alarm                                        branch=PI_V3.0                       
[ 62/68] OK      4.0s  taf-plugin-commonmodel                                  branch=PI_V3.0                       
[ 63/68] OK      3.0s  taf-plugin-sms-modem                                    branch=PI_V3.0                       
[ 64/68] OK      3.2s  taf-plugin-backuprecovery                               branch=PI_V3.0                       
[ 65/68] OK      3.2s  TAF-Commons                                             branch=PI_V3.0                       
[ 66/68] FAIL    2.1s  pi-vcenter-plugin                                       branch=develop                         -- Cloning into 'D:\cursor_workspace\pi_origin\pi-vcenter-plugin'... | fatal: Remote branch develop not found in upstream origin
[ 67/68] OK      4.8s  trellis-automation-agent-installer                      branch=develop                       
[ 68/68] OK      4.6s  TAF-InstallerCustomCode                                 branch=develop_automation_agent      

# Done. ok=65 skip=1 fail=2
